19:58:30 **** Incremental Build of configuration Debug for project CG2028Asmt1S1AY201819 ****
make all 
Building file: ../src/pdm.s
Invoking: MCU Assembler
arm-none-eabi-gcc -c -x assembler-with-cpp -DDEBUG -D__CODE_RED -D__REDLIB__ -g3 -mcpu=cortex-m3 -mthumb -o"src/pdm.o" "../src/pdm.s"
Finished building: ../src/pdm.s
 
Building target: CG2028Asmt1S1AY201819.axf
Invoking: MCU Linker
arm-none-eabi-gcc -nostdlib -L"C:\Users\BOON JUN\Desktop\UNI\SEM3\CG2028\CG2028 Part 1\LAB1\Lib_CMSISv1p30_LPC17xx\Debug" -Xlinker --gc-sections -Xlinker -Map=CG2028Asmt1S1AY201819.map -mcpu=cortex-m3 -mthumb -T "CG2028Asmt1S1AY201819_Debug.ld" -o"CG2028Asmt1S1AY201819.axf"  ./src/cr_startup_lpc17.o ./src/main.o ./src/pdm.o   -lCMSISv1p30_LPC17xx
Finished building target: CG2028Asmt1S1AY201819.axf
 
make --no-print-directory post-build
Performing post-build steps
arm-none-eabi-size CG2028Asmt1S1AY201819.axf; # arm-none-eabi-objcopy -O ihex CG2028Asmt1S1AY201819.axf CG2028Asmt1S1AY201819.hex ;
   text	   data	    bss	    dec	    hex	filename
  11848	      0	    340	  12188	   2f9c	CG2028Asmt1S1AY201819.axf
 

19:58:30 Build Finished (took 274ms)

