17:00:38 **** Clean-only build of configuration Debug for project LPC1769_asm_blinky ****
make clean 
rm -rf  ./src/asm.o  LPC1769_asm_blinky.axf
 
17:00:38 **** Build of configuration Debug for project LPC1769_asm_blinky ****
make all 
Building file: ../src/asm.s
Invoking: MCU Assembler
arm-none-eabi-gcc -c -x assembler-with-cpp -D__REDLIB__  -DDEBUG -D__CODE_RED -g3 -mcpu=cortex-m3 -mthumb -o "src/asm.o" "../src/asm.s"
Finished building: ../src/asm.s
 
Building target: LPC1769_asm_blinky.axf
Invoking: MCU Linker
arm-none-eabi-gcc -nostdlib -Xlinker -Map=LPC1769_asm_blinky.map -Xlinker --gc-sections -mcpu=cortex-m3 -mthumb -T LPC1769_asm_blinky_Debug.ld -o "LPC1769_asm_blinky.axf"  ./src/asm.o   
Finished building target: LPC1769_asm_blinky.axf
 
make --no-print-directory post-build
Performing post-build steps
arm-none-eabi-size LPC1769_asm_blinky.axf; # arm-none-eabi-objcopy -O binary LPC1769_asm_blinky.axf LPC1769_asm_blinky.bin ; checksum -p LPC1768 -d LPC1769_asm_blinky.bin;
   text	   data	    bss	    dec	    hex	filename
    100	      0	      0	    100	     64	LPC1769_asm_blinky.axf
 
17:01:21 **** Incremental Build of configuration Debug for project LPC1769_asm_blinky ****
make all 
make: Nothing to be done for `all'.
17:04:17 **** Incremental Build of configuration Debug for project LPC1769_asm_blinky ****
make all 
make: Nothing to be done for `all'.
17:04:30 **** Incremental Build of configuration Debug for project LPC1769_asm_blinky ****
make all 
make: Nothing to be done for `all'.
17:04:38 **** Incremental Build of configuration Debug for project LPC1769_asm_blinky ****
make all 
make: Nothing to be done for `all'.
17:12:25 **** Incremental Build of configuration Debug for project LPC1769_asm_blinky ****
make all 
make: Nothing to be done for `all'.
17:12:54 **** Incremental Build of configuration Debug for project LPC1769_asm_blinky ****
make all 
make: Nothing to be done for `all'.
17:15:49 **** Incremental Build of configuration Debug for project LPC1769_asm_blinky ****
make all 
make: Nothing to be done for `all'.
17:32:00 **** Incremental Build of configuration Debug for project LPC1769_asm_blinky ****
make all 
Building file: ../src/asm.s
Invoking: MCU Assembler
arm-none-eabi-gcc -c -x assembler-with-cpp -D__REDLIB__  -DDEBUG -D__CODE_RED -g3 -mcpu=cortex-m3 -mthumb -o "src/asm.o" "../src/asm.s"
../src/asm.s: Assembler messages:
../src/asm.s:58: Error: offset out of range
make: *** [src/asm.o] Error 1
17:32:13 **** Incremental Build of configuration Debug for project LPC1769_asm_blinky ****
make all 
Building file: ../src/asm.s
Invoking: MCU Assembler
arm-none-eabi-gcc -c -x assembler-with-cpp -D__REDLIB__  -DDEBUG -D__CODE_RED -g3 -mcpu=cortex-m3 -mthumb -o "src/asm.o" "../src/asm.s"
Finished building: ../src/asm.s
 
Building target: LPC1769_asm_blinky.axf
Invoking: MCU Linker
arm-none-eabi-gcc -nostdlib -Xlinker -Map=LPC1769_asm_blinky.map -Xlinker --gc-sections -mcpu=cortex-m3 -mthumb -T LPC1769_asm_blinky_Debug.ld -o "LPC1769_asm_blinky.axf"  ./src/asm.o   
Finished building target: LPC1769_asm_blinky.axf
 
make --no-print-directory post-build
Performing post-build steps
arm-none-eabi-size LPC1769_asm_blinky.axf; # arm-none-eabi-objcopy -O binary LPC1769_asm_blinky.axf LPC1769_asm_blinky.bin ; checksum -p LPC1768 -d LPC1769_asm_blinky.bin;
   text	   data	    bss	    dec	    hex	filename
    100	      0	      0	    100	     64	LPC1769_asm_blinky.axf
 
17:37:19 **** Incremental Build of configuration Debug for project LPC1769_asm_blinky ****
make all 
make: Nothing to be done for `all'.
17:41:07 **** Clean-only build of configuration Debug for project LPC1769_plainC_blinky ****
make clean 
rm -rf  ./src/cr_startup_lpc176x.o ./src/main.o  ./src/cr_startup_lpc176x.d ./src/main.d  LPC1769_plainC_blinky.axf
 
17:41:08 **** Build of configuration Debug for project LPC1769_plainC_blinky ****
make all 
Building file: ../src/cr_startup_lpc176x.c
Invoking: MCU C Compiler
arm-none-eabi-gcc -DDEBUG -D__REDLIB__ -O0 -Os -g3 -Wall -c -fmessage-length=0 -fno-builtin -ffunction-sections -fdata-sections -mcpu=cortex-m3 -mthumb -MMD -MP -MF"src/cr_startup_lpc176x.d" -MT"src/cr_startup_lpc176x.d" -o "src/cr_startup_lpc176x.o" "../src/cr_startup_lpc176x.c"
Finished building: ../src/cr_startup_lpc176x.c
 
Building file: ../src/main.c
Invoking: MCU C Compiler
arm-none-eabi-gcc -DDEBUG -D__REDLIB__ -O0 -g3 -Wall -c -fmessage-length=0 -fno-builtin -ffunction-sections -fdata-sections -mcpu=cortex-m3 -mthumb -MMD -MP -MF"src/main.d" -MT"src/main.d" -o "src/main.o" "../src/main.c"
Finished building: ../src/main.c
 
Building target: LPC1769_plainC_blinky.axf
Invoking: MCU Linker
arm-none-eabi-gcc -nostdlib -Xlinker -Map=LPC1769_plainC_blinky.map -Xlinker --gc-sections -mcpu=cortex-m3 -mthumb -T "LPC1769_plainC_blinky_Debug.ld" -o "LPC1769_plainC_blinky.axf"  ./src/cr_startup_lpc176x.o ./src/main.o   
Finished building target: LPC1769_plainC_blinky.axf
 
make --no-print-directory post-build
Performing post-build steps
arm-none-eabi-size LPC1769_plainC_blinky.axf; # arm-none-eabi-objcopy -O binary LPC1769_plainC_blinky.axf LPC1769_plainC_blinky.bin ; checksum -d LPC1769_plainC_blinky.bin;
   text	   data	    bss	    dec	    hex	filename
   2272	      0	    336	   2608	    a30	LPC1769_plainC_blinky.axf
 
17:43:35 **** Incremental Build of configuration Debug for project LPC1769_asm_blinky ****
make all 
make: Nothing to be done for `all'.
17:45:31 **** Incremental Build of configuration Debug for project LPC1769_plainC_blinky ****
make all 
make: Nothing to be done for `all'.
17:46:42 **** Incremental Build of configuration Debug for project LPC1769_asm_blinky ****
make all 
make: Nothing to be done for `all'.
18:13:00 **** Incremental Build of configuration Debug for project LPC1769_asm_blinky ****
make all 
Building file: ../src/asm.s
Invoking: MCU Assembler
arm-none-eabi-gcc -c -x assembler-with-cpp -D__REDLIB__  -DDEBUG -D__CODE_RED -g3 -mcpu=cortex-m3 -mthumb -o "src/asm.o" "../src/asm.s"
Finished building: ../src/asm.s
 
Building target: LPC1769_asm_blinky.axf
Invoking: MCU Linker
arm-none-eabi-gcc -nostdlib -Xlinker -Map=LPC1769_asm_blinky.map -Xlinker --gc-sections -mcpu=cortex-m3 -mthumb -T LPC1769_asm_blinky_Debug.ld -o "LPC1769_asm_blinky.axf"  ./src/asm.o   
Finished building target: LPC1769_asm_blinky.axf
 
make --no-print-directory post-build
Performing post-build steps
arm-none-eabi-size LPC1769_asm_blinky.axf; # arm-none-eabi-objcopy -O binary LPC1769_asm_blinky.axf LPC1769_asm_blinky.bin ; checksum -p LPC1768 -d LPC1769_asm_blinky.bin;
   text	   data	    bss	    dec	    hex	filename
    100	      0	      0	    100	     64	LPC1769_asm_blinky.axf
 
18:13:25 **** Incremental Build of configuration Debug for project LPC1769_asm_blinky ****
make all 
Building file: ../src/asm.s
Invoking: MCU Assembler
arm-none-eabi-gcc -c -x assembler-with-cpp -D__REDLIB__  -DDEBUG -D__CODE_RED -g3 -mcpu=cortex-m3 -mthumb -o "src/asm.o" "../src/asm.s"
Finished building: ../src/asm.s
 
Building target: LPC1769_asm_blinky.axf
Invoking: MCU Linker
arm-none-eabi-gcc -nostdlib -Xlinker -Map=LPC1769_asm_blinky.map -Xlinker --gc-sections -mcpu=cortex-m3 -mthumb -T LPC1769_asm_blinky_Debug.ld -o "LPC1769_asm_blinky.axf"  ./src/asm.o   
Finished building target: LPC1769_asm_blinky.axf
 
make --no-print-directory post-build
Performing post-build steps
arm-none-eabi-size LPC1769_asm_blinky.axf; # arm-none-eabi-objcopy -O binary LPC1769_asm_blinky.axf LPC1769_asm_blinky.bin ; checksum -p LPC1768 -d LPC1769_asm_blinky.bin;
   text	   data	    bss	    dec	    hex	filename
    100	      0	      0	    100	     64	LPC1769_asm_blinky.axf
 
18:14:22 **** Incremental Build of configuration Debug for project LPC1769_asm_blinky ****
make all 
Building file: ../src/asm.s
Invoking: MCU Assembler
arm-none-eabi-gcc -c -x assembler-with-cpp -D__REDLIB__  -DDEBUG -D__CODE_RED -g3 -mcpu=cortex-m3 -mthumb -o "src/asm.o" "../src/asm.s"
Finished building: ../src/asm.s
 
Building target: LPC1769_asm_blinky.axf
Invoking: MCU Linker
arm-none-eabi-gcc -nostdlib -Xlinker -Map=LPC1769_asm_blinky.map -Xlinker --gc-sections -mcpu=cortex-m3 -mthumb -T LPC1769_asm_blinky_Debug.ld -o "LPC1769_asm_blinky.axf"  ./src/asm.o   
Finished building target: LPC1769_asm_blinky.axf
 
make --no-print-directory post-build
Performing post-build steps
arm-none-eabi-size LPC1769_asm_blinky.axf; # arm-none-eabi-objcopy -O binary LPC1769_asm_blinky.axf LPC1769_asm_blinky.bin ; checksum -p LPC1768 -d LPC1769_asm_blinky.bin;
   text	   data	    bss	    dec	    hex	filename
    100	      0	      0	    100	     64	LPC1769_asm_blinky.axf
 
18:14:39 **** Incremental Build of configuration Debug for project LPC1769_asm_blinky ****
make all 
Building file: ../src/asm.s
Invoking: MCU Assembler
arm-none-eabi-gcc -c -x assembler-with-cpp -D__REDLIB__  -DDEBUG -D__CODE_RED -g3 -mcpu=cortex-m3 -mthumb -o "src/asm.o" "../src/asm.s"
Finished building: ../src/asm.s
 
Building target: LPC1769_asm_blinky.axf
Invoking: MCU Linker
arm-none-eabi-gcc -nostdlib -Xlinker -Map=LPC1769_asm_blinky.map -Xlinker --gc-sections -mcpu=cortex-m3 -mthumb -T LPC1769_asm_blinky_Debug.ld -o "LPC1769_asm_blinky.axf"  ./src/asm.o   
Finished building target: LPC1769_asm_blinky.axf
 
make --no-print-directory post-build
Performing post-build steps
arm-none-eabi-size LPC1769_asm_blinky.axf; # arm-none-eabi-objcopy -O binary LPC1769_asm_blinky.axf LPC1769_asm_blinky.bin ; checksum -p LPC1768 -d LPC1769_asm_blinky.bin;
   text	   data	    bss	    dec	    hex	filename
    100	      0	      0	    100	     64	LPC1769_asm_blinky.axf
 
18:25:13 **** Clean-only build of configuration Debug for project Lib_CMSISv1p30_LPC17xx ****
make clean 
rm -rf  ./src/core_cm3.o ./src/system_LPC17xx.o  ./src/core_cm3.d ./src/system_LPC17xx.d  libCMSISv1p30_LPC17xx.a
 
18:25:13 **** Build of configuration Debug for project Lib_CMSISv1p30_LPC17xx ****
make all 
Building file: ../src/core_cm3.c
Invoking: MCU C Compiler
arm-none-eabi-gcc -DDEBUG -D__CODE_RED -D__REDLIB__ -I"C:\Users\BOON JUN\Desktop\UNI\SEM3\CG2028\CG2028 Part 1\LAB1\Lib_CMSISv1p30_LPC17xx\inc" -O0 -g3 -Wall -c -fmessage-length=0 -fno-builtin -ffunction-sections -mcpu=cortex-m3 -mthumb -MMD -MP -MF"src/core_cm3.d" -MT"src/core_cm3.d" -o "src/core_cm3.o" "../src/core_cm3.c"
Finished building: ../src/core_cm3.c
 
Building file: ../src/system_LPC17xx.c
Invoking: MCU C Compiler
arm-none-eabi-gcc -DDEBUG -D__CODE_RED -D__REDLIB__ -I"C:\Users\BOON JUN\Desktop\UNI\SEM3\CG2028\CG2028 Part 1\LAB1\Lib_CMSISv1p30_LPC17xx\inc" -O0 -g3 -Wall -c -fmessage-length=0 -fno-builtin -ffunction-sections -mcpu=cortex-m3 -mthumb -MMD -MP -MF"src/system_LPC17xx.d" -MT"src/system_LPC17xx.d" -o "src/system_LPC17xx.o" "../src/system_LPC17xx.c"
Finished building: ../src/system_LPC17xx.c
 
Building target: libCMSISv1p30_LPC17xx.a
Invoking: MCU Archiver
arm-none-eabi-ar -r  "libCMSISv1p30_LPC17xx.a"  ./src/core_cm3.o ./src/system_LPC17xx.o   
c:\nxp\LPCXpresso_6.1.4_194\lpcxpresso\tools\bin\arm-none-eabi-ar.exe: creating libCMSISv1p30_LPC17xx.a
Finished building target: libCMSISv1p30_LPC17xx.a
 
make --no-print-directory post-build
Performing post-build steps
arm-none-eabi-size libCMSISv1p30_LPC17xx.a ; # arm-none-eabi-objdump -h -S libCMSISv1p30_LPC17xx.a >libCMSISv1p30_LPC17xx.lss
   text	   data	    bss	    dec	    hex	filename
    652	      0	      0	    652	    28c	core_cm3.o (ex libCMSISv1p30_LPC17xx.a)
   1276	      4	      0	   1280	    500	system_LPC17xx.o (ex libCMSISv1p30_LPC17xx.a)
 
18:25:13 **** Clean-only build of configuration Debug for project CG2028Asmt1S1AY201819 ****
make clean 
rm -rf  ./src/cr_startup_lpc17.o ./src/main.o ./src/pdm.o  ./src/cr_startup_lpc17.d ./src/main.d  CG2028Asmt1S1AY201819.axf
 
18:25:14 **** Build of configuration Debug for project CG2028Asmt1S1AY201819 ****
make all 
Building file: ../src/cr_startup_lpc17.c
Invoking: MCU C Compiler
arm-none-eabi-gcc -DDEBUG -D__CODE_RED -D__REDLIB__ -D__USE_CMSIS=CMSISv1p30_LPC17xx -I"C:\Users\BOON JUN\Desktop\UNI\SEM3\CG2028\CG2028 Part 1\LAB1\Lib_CMSISv1p30_LPC17xx\inc" -O0 -g3 -Wall -c -fmessage-length=0 -fno-builtin -ffunction-sections -Wa,-ahlnds=cr_startup_lpc17.asm -mcpu=cortex-m3 -mthumb -MMD -MP -MF"src/cr_startup_lpc17.d" -MT"src/cr_startup_lpc17.d" -o"src/cr_startup_lpc17.o" "../src/cr_startup_lpc17.c"
Finished building: ../src/cr_startup_lpc17.c
 
Building file: ../src/main.c
Invoking: MCU C Compiler
arm-none-eabi-gcc -DDEBUG -D__CODE_RED -D__REDLIB__ -D__USE_CMSIS=CMSISv1p30_LPC17xx -I"C:\Users\BOON JUN\Desktop\UNI\SEM3\CG2028\CG2028 Part 1\LAB1\Lib_CMSISv1p30_LPC17xx\inc" -O0 -g3 -Wall -c -fmessage-length=0 -fno-builtin -ffunction-sections -Wa,-ahlnds=main.asm -mcpu=cortex-m3 -mthumb -MMD -MP -MF"src/main.d" -MT"src/main.d" -o"src/main.o" "../src/main.c"
Finished building: ../src/main.c
 
Building file: ../src/pdm.s
Invoking: MCU Assembler
arm-none-eabi-gcc -c -x assembler-with-cpp -DDEBUG -D__CODE_RED -D__REDLIB__ -g3 -mcpu=cortex-m3 -mthumb -o"src/pdm.o" "../src/pdm.s"
Finished building: ../src/pdm.s
 
Building target: CG2028Asmt1S1AY201819.axf
Invoking: MCU Linker
arm-none-eabi-gcc -nostdlib -L"C:\Users\BOON JUN\Desktop\UNI\SEM3\CG2028\CG2028 Part 1\LAB1\Lib_CMSISv1p30_LPC17xx\Debug" -Xlinker --gc-sections -Xlinker -Map=CG2028Asmt1S1AY201819.map -mcpu=cortex-m3 -mthumb -T "CG2028Asmt1S1AY201819_Debug.ld" -o"CG2028Asmt1S1AY201819.axf"  ./src/cr_startup_lpc17.o ./src/main.o ./src/pdm.o   -lCMSISv1p30_LPC17xx
Finished building target: CG2028Asmt1S1AY201819.axf
 
make --no-print-directory post-build
Performing post-build steps
arm-none-eabi-size CG2028Asmt1S1AY201819.axf; # arm-none-eabi-objcopy -O ihex CG2028Asmt1S1AY201819.axf CG2028Asmt1S1AY201819.hex ;
   text	   data	    bss	    dec	    hex	filename
  11792	      0	    340	  12132	   2f64	CG2028Asmt1S1AY201819.axf
 
18:25:25 **** Incremental Build of configuration Debug for project Lib_CMSISv1p30_LPC17xx ****
make all 
make: Nothing to be done for `all'.
18:25:26 **** Incremental Build of configuration Debug for project CG2028Asmt1S1AY201819 ****
make all 
make: Nothing to be done for `all'.
18:26:37 **** Incremental Build of configuration Debug for project Lib_CMSISv1p30_LPC17xx ****
make all 
make: Nothing to be done for `all'.
18:26:38 **** Incremental Build of configuration Debug for project CG2028Asmt1S1AY201819 ****
make all 
make: Nothing to be done for `all'.
18:54:50 **** Incremental Build of configuration Debug for project Lib_CMSISv1p30_LPC17xx ****
make all 
make: Nothing to be done for `all'.
18:54:51 **** Incremental Build of configuration Debug for project CG2028Asmt1S1AY201819 ****
make all 
Building file: ../src/pdm.s
Invoking: MCU Assembler
arm-none-eabi-gcc -c -x assembler-with-cpp -DDEBUG -D__CODE_RED -D__REDLIB__ -g3 -mcpu=cortex-m3 -mthumb -o"src/pdm.o" "../src/pdm.s"
../src/pdm.s: Assembler messages:
../src/pdm.s:11: Error: ARM register expected -- `mul R4,4'
make: *** [src/pdm.o] Error 1
18:56:03 **** Incremental Build of configuration Debug for project Lib_CMSISv1p30_LPC17xx ****
make all 
make: Nothing to be done for `all'.
18:56:04 **** Incremental Build of configuration Debug for project CG2028Asmt1S1AY201819 ****
make all 
Building file: ../src/pdm.s
Invoking: MCU Assembler
arm-none-eabi-gcc -c -x assembler-with-cpp -DDEBUG -D__CODE_RED -D__REDLIB__ -g3 -mcpu=cortex-m3 -mthumb -o"src/pdm.o" "../src/pdm.s"
../src/pdm.s: Assembler messages:
../src/pdm.s:11: Error: ARM register expected -- `mul R4,four'
make: *** [src/pdm.o] Error 1
18:56:39 **** Incremental Build of configuration Debug for project Lib_CMSISv1p30_LPC17xx ****
make all 
make: Nothing to be done for `all'.
18:56:40 **** Incremental Build of configuration Debug for project CG2028Asmt1S1AY201819 ****
make all 
Building file: ../src/pdm.s
Invoking: MCU Assembler
arm-none-eabi-gcc -c -x assembler-with-cpp -DDEBUG -D__CODE_RED -D__REDLIB__ -g3 -mcpu=cortex-m3 -mthumb -o"src/pdm.o" "../src/pdm.s"
Finished building: ../src/pdm.s
 
Building target: CG2028Asmt1S1AY201819.axf
Invoking: MCU Linker
arm-none-eabi-gcc -nostdlib -L"C:\Users\BOON JUN\Desktop\UNI\SEM3\CG2028\CG2028 Part 1\LAB1\Lib_CMSISv1p30_LPC17xx\Debug" -Xlinker --gc-sections -Xlinker -Map=CG2028Asmt1S1AY201819.map -mcpu=cortex-m3 -mthumb -T "CG2028Asmt1S1AY201819_Debug.ld" -o"CG2028Asmt1S1AY201819.axf"  ./src/cr_startup_lpc17.o ./src/main.o ./src/pdm.o   -lCMSISv1p30_LPC17xx
Finished building target: CG2028Asmt1S1AY201819.axf
 
make --no-print-directory post-build
Performing post-build steps
arm-none-eabi-size CG2028Asmt1S1AY201819.axf; # arm-none-eabi-objcopy -O ihex CG2028Asmt1S1AY201819.axf CG2028Asmt1S1AY201819.hex ;
   text	   data	    bss	    dec	    hex	filename
  11824	      0	    340	  12164	   2f84	CG2028Asmt1S1AY201819.axf
 
18:56:50 **** Incremental Build of configuration Debug for project Lib_CMSISv1p30_LPC17xx ****
make all 
make: Nothing to be done for `all'.
18:56:51 **** Incremental Build of configuration Debug for project CG2028Asmt1S1AY201819 ****
make all 
make: Nothing to be done for `all'.
18:57:48 **** Incremental Build of configuration Debug for project Lib_CMSISv1p30_LPC17xx ****
make all 
make: Nothing to be done for `all'.
18:57:49 **** Incremental Build of configuration Debug for project CG2028Asmt1S1AY201819 ****
make all 
make: Nothing to be done for `all'.
19:01:47 **** Incremental Build of configuration Debug for project Lib_CMSISv1p30_LPC17xx ****
make all 
make: Nothing to be done for `all'.
19:01:48 **** Incremental Build of configuration Debug for project CG2028Asmt1S1AY201819 ****
make all 
Building file: ../src/pdm.s
Invoking: MCU Assembler
arm-none-eabi-gcc -c -x assembler-with-cpp -DDEBUG -D__CODE_RED -D__REDLIB__ -g3 -mcpu=cortex-m3 -mthumb -o"src/pdm.o" "../src/pdm.s"
Finished building: ../src/pdm.s
 
Building target: CG2028Asmt1S1AY201819.axf
Invoking: MCU Linker
arm-none-eabi-gcc -nostdlib -L"C:\Users\BOON JUN\Desktop\UNI\SEM3\CG2028\CG2028 Part 1\LAB1\Lib_CMSISv1p30_LPC17xx\Debug" -Xlinker --gc-sections -Xlinker -Map=CG2028Asmt1S1AY201819.map -mcpu=cortex-m3 -mthumb -T "CG2028Asmt1S1AY201819_Debug.ld" -o"CG2028Asmt1S1AY201819.axf"  ./src/cr_startup_lpc17.o ./src/main.o ./src/pdm.o   -lCMSISv1p30_LPC17xx
Finished building target: CG2028Asmt1S1AY201819.axf
 
make --no-print-directory post-build
Performing post-build steps
arm-none-eabi-size CG2028Asmt1S1AY201819.axf; # arm-none-eabi-objcopy -O ihex CG2028Asmt1S1AY201819.axf CG2028Asmt1S1AY201819.hex ;
   text	   data	    bss	    dec	    hex	filename
  11824	      0	    340	  12164	   2f84	CG2028Asmt1S1AY201819.axf
 
19:02:02 **** Incremental Build of configuration Debug for project Lib_CMSISv1p30_LPC17xx ****
make all 
make: Nothing to be done for `all'.
19:02:03 **** Incremental Build of configuration Debug for project CG2028Asmt1S1AY201819 ****
make all 
make: Nothing to be done for `all'.
19:02:36 **** Clean-only build of configuration Debug for project Lib_CMSISv1p30_LPC17xx ****
make clean 
rm -rf  ./src/core_cm3.o ./src/system_LPC17xx.o  ./src/core_cm3.d ./src/system_LPC17xx.d  libCMSISv1p30_LPC17xx.a
 
19:02:36 **** Clean-only build of configuration Debug for project CG2028Asmt1S1AY201819 ****
make clean 
rm -rf  ./src/cr_startup_lpc17.o ./src/main.o ./src/pdm.o  ./src/cr_startup_lpc17.d ./src/main.d  CG2028Asmt1S1AY201819.axf
rm: cannot unlink `CG2028Asmt1S1AY201819.axf': Permission denied
make: [clean] Error 1 (ignored)
 
19:02:44 **** Build of configuration Debug for project Lib_CMSISv1p30_LPC17xx ****
make all 
Building file: ../src/core_cm3.c
Invoking: MCU C Compiler
arm-none-eabi-gcc -DDEBUG -D__CODE_RED -D__REDLIB__ -I"C:\Users\BOON JUN\Desktop\UNI\SEM3\CG2028\CG2028 Part 1\LAB1\Lib_CMSISv1p30_LPC17xx\inc" -O0 -g3 -Wall -c -fmessage-length=0 -fno-builtin -ffunction-sections -mcpu=cortex-m3 -mthumb -MMD -MP -MF"src/core_cm3.d" -MT"src/core_cm3.d" -o "src/core_cm3.o" "../src/core_cm3.c"
Finished building: ../src/core_cm3.c
 
Building file: ../src/system_LPC17xx.c
Invoking: MCU C Compiler
arm-none-eabi-gcc -DDEBUG -D__CODE_RED -D__REDLIB__ -I"C:\Users\BOON JUN\Desktop\UNI\SEM3\CG2028\CG2028 Part 1\LAB1\Lib_CMSISv1p30_LPC17xx\inc" -O0 -g3 -Wall -c -fmessage-length=0 -fno-builtin -ffunction-sections -mcpu=cortex-m3 -mthumb -MMD -MP -MF"src/system_LPC17xx.d" -MT"src/system_LPC17xx.d" -o "src/system_LPC17xx.o" "../src/system_LPC17xx.c"
Finished building: ../src/system_LPC17xx.c
 
Building target: libCMSISv1p30_LPC17xx.a
Invoking: MCU Archiver
arm-none-eabi-ar -r  "libCMSISv1p30_LPC17xx.a"  ./src/core_cm3.o ./src/system_LPC17xx.o   
c:\nxp\LPCXpresso_6.1.4_194\lpcxpresso\tools\bin\arm-none-eabi-ar.exe: creating libCMSISv1p30_LPC17xx.a
Finished building target: libCMSISv1p30_LPC17xx.a
 
make --no-print-directory post-build
Performing post-build steps
arm-none-eabi-size libCMSISv1p30_LPC17xx.a ; # arm-none-eabi-objdump -h -S libCMSISv1p30_LPC17xx.a >libCMSISv1p30_LPC17xx.lss
   text	   data	    bss	    dec	    hex	filename
    652	      0	      0	    652	    28c	core_cm3.o (ex libCMSISv1p30_LPC17xx.a)
   1276	      4	      0	   1280	    500	system_LPC17xx.o (ex libCMSISv1p30_LPC17xx.a)
 
19:02:46 **** Build of configuration Debug for project CG2028Asmt1S1AY201819 ****
make all 
Building file: ../src/cr_startup_lpc17.c
Invoking: MCU C Compiler
arm-none-eabi-gcc -DDEBUG -D__CODE_RED -D__REDLIB__ -D__USE_CMSIS=CMSISv1p30_LPC17xx -I"C:\Users\BOON JUN\Desktop\UNI\SEM3\CG2028\CG2028 Part 1\LAB1\Lib_CMSISv1p30_LPC17xx\inc" -O0 -g3 -Wall -c -fmessage-length=0 -fno-builtin -ffunction-sections -Wa,-ahlnds=cr_startup_lpc17.asm -mcpu=cortex-m3 -mthumb -MMD -MP -MF"src/cr_startup_lpc17.d" -MT"src/cr_startup_lpc17.d" -o"src/cr_startup_lpc17.o" "../src/cr_startup_lpc17.c"
Finished building: ../src/cr_startup_lpc17.c
 
Building file: ../src/main.c
Invoking: MCU C Compiler
arm-none-eabi-gcc -DDEBUG -D__CODE_RED -D__REDLIB__ -D__USE_CMSIS=CMSISv1p30_LPC17xx -I"C:\Users\BOON JUN\Desktop\UNI\SEM3\CG2028\CG2028 Part 1\LAB1\Lib_CMSISv1p30_LPC17xx\inc" -O0 -g3 -Wall -c -fmessage-length=0 -fno-builtin -ffunction-sections -Wa,-ahlnds=main.asm -mcpu=cortex-m3 -mthumb -MMD -MP -MF"src/main.d" -MT"src/main.d" -o"src/main.o" "../src/main.c"
Finished building: ../src/main.c
 
Building file: ../src/pdm.s
Invoking: MCU Assembler
arm-none-eabi-gcc -c -x assembler-with-cpp -DDEBUG -D__CODE_RED -D__REDLIB__ -g3 -mcpu=cortex-m3 -mthumb -o"src/pdm.o" "../src/pdm.s"
Finished building: ../src/pdm.s
 
Building target: CG2028Asmt1S1AY201819.axf
Invoking: MCU Linker
arm-none-eabi-gcc -nostdlib -L"C:\Users\BOON JUN\Desktop\UNI\SEM3\CG2028\CG2028 Part 1\LAB1\Lib_CMSISv1p30_LPC17xx\Debug" -Xlinker --gc-sections -Xlinker -Map=CG2028Asmt1S1AY201819.map -mcpu=cortex-m3 -mthumb -T "CG2028Asmt1S1AY201819_Debug.ld" -o"CG2028Asmt1S1AY201819.axf"  ./src/cr_startup_lpc17.o ./src/main.o ./src/pdm.o   -lCMSISv1p30_LPC17xx
Finished building target: CG2028Asmt1S1AY201819.axf
 
make --no-print-directory post-build
Performing post-build steps
arm-none-eabi-size CG2028Asmt1S1AY201819.axf; # arm-none-eabi-objcopy -O ihex CG2028Asmt1S1AY201819.axf CG2028Asmt1S1AY201819.hex ;
   text	   data	    bss	    dec	    hex	filename
  11824	      0	    340	  12164	   2f84	CG2028Asmt1S1AY201819.axf
 
19:03:20 **** Incremental Build of configuration Debug for project Lib_CMSISv1p30_LPC17xx ****
make all 
make: Nothing to be done for `all'.
19:03:21 **** Incremental Build of configuration Debug for project CG2028Asmt1S1AY201819 ****
make all 
make: Nothing to be done for `all'.
19:04:19 **** Incremental Build of configuration Debug for project Lib_CMSISv1p30_LPC17xx ****
make all 
make: Nothing to be done for `all'.
19:04:20 **** Incremental Build of configuration Debug for project CG2028Asmt1S1AY201819 ****
make all 
make: Nothing to be done for `all'.
19:06:13 **** Incremental Build of configuration Debug for project Lib_CMSISv1p30_LPC17xx ****
make all 
make: Nothing to be done for `all'.
19:06:14 **** Incremental Build of configuration Debug for project CG2028Asmt1S1AY201819 ****
make all 
Building file: ../src/pdm.s
Invoking: MCU Assembler
arm-none-eabi-gcc -c -x assembler-with-cpp -DDEBUG -D__CODE_RED -D__REDLIB__ -g3 -mcpu=cortex-m3 -mthumb -o"src/pdm.o" "../src/pdm.s"
Finished building: ../src/pdm.s
 
Building target: CG2028Asmt1S1AY201819.axf
Invoking: MCU Linker
arm-none-eabi-gcc -nostdlib -L"C:\Users\BOON JUN\Desktop\UNI\SEM3\CG2028\CG2028 Part 1\LAB1\Lib_CMSISv1p30_LPC17xx\Debug" -Xlinker --gc-sections -Xlinker -Map=CG2028Asmt1S1AY201819.map -mcpu=cortex-m3 -mthumb -T "CG2028Asmt1S1AY201819_Debug.ld" -o"CG2028Asmt1S1AY201819.axf"  ./src/cr_startup_lpc17.o ./src/main.o ./src/pdm.o   -lCMSISv1p30_LPC17xx
Finished building target: CG2028Asmt1S1AY201819.axf
 
make --no-print-directory post-build
Performing post-build steps
arm-none-eabi-size CG2028Asmt1S1AY201819.axf; # arm-none-eabi-objcopy -O ihex CG2028Asmt1S1AY201819.axf CG2028Asmt1S1AY201819.hex ;
   text	   data	    bss	    dec	    hex	filename
  11824	      0	    340	  12164	   2f84	CG2028Asmt1S1AY201819.axf
 
19:06:56 **** Incremental Build of configuration Debug for project Lib_CMSISv1p30_LPC17xx ****
make all 
make: Nothing to be done for `all'.
19:06:57 **** Incremental Build of configuration Debug for project CG2028Asmt1S1AY201819 ****
make all 
make: Nothing to be done for `all'.
19:08:31 **** Incremental Build of configuration Debug for project Lib_CMSISv1p30_LPC17xx ****
make all 
make: Nothing to be done for `all'.
19:08:32 **** Incremental Build of configuration Debug for project CG2028Asmt1S1AY201819 ****
make all 
make: Nothing to be done for `all'.
19:28:44 **** Incremental Build of configuration Debug for project Lib_CMSISv1p30_LPC17xx ****
make all 
make: Nothing to be done for `all'.
19:28:45 **** Incremental Build of configuration Debug for project CG2028Asmt1S1AY201819 ****
make all 
Building file: ../src/pdm.s
Invoking: MCU Assembler
arm-none-eabi-gcc -c -x assembler-with-cpp -DDEBUG -D__CODE_RED -D__REDLIB__ -g3 -mcpu=cortex-m3 -mthumb -o"src/pdm.o" "../src/pdm.s"
../src/pdm.s: Assembler messages:
../src/pdm.s:20: Error: cannot represent T32_OFFSET_IMM relocation in this object file format
make: *** [src/pdm.o] Error 1
19:29:40 **** Incremental Build of configuration Debug for project Lib_CMSISv1p30_LPC17xx ****
make all 
make: Nothing to be done for `all'.
19:29:41 **** Incremental Build of configuration Debug for project CG2028Asmt1S1AY201819 ****
make all 
Building file: ../src/pdm.s
Invoking: MCU Assembler
arm-none-eabi-gcc -c -x assembler-with-cpp -DDEBUG -D__CODE_RED -D__REDLIB__ -g3 -mcpu=cortex-m3 -mthumb -o"src/pdm.o" "../src/pdm.s"
../src/pdm.s: Assembler messages:
../src/pdm.s:20: Error: cannot represent T32_OFFSET_IMM relocation in this object file format
make: *** [src/pdm.o] Error 1
19:31:46 **** Clean-only build of configuration Debug for project Lib_CMSISv1p30_LPC17xx ****
make clean 
rm -rf  ./src/core_cm3.o ./src/system_LPC17xx.o  ./src/core_cm3.d ./src/system_LPC17xx.d  libCMSISv1p30_LPC17xx.a
 
19:31:46 **** Clean-only build of configuration Debug for project CG2028Asmt1S1AY201819 ****
make clean 
rm -rf  ./src/cr_startup_lpc17.o ./src/main.o ./src/pdm.o  ./src/cr_startup_lpc17.d ./src/main.d  CG2028Asmt1S1AY201819.axf
 
19:31:48 **** Build of configuration Debug for project Lib_CMSISv1p30_LPC17xx ****
make all 
Building file: ../src/core_cm3.c
Invoking: MCU C Compiler
arm-none-eabi-gcc -DDEBUG -D__CODE_RED -D__REDLIB__ -I"C:\Users\BOON JUN\Desktop\UNI\SEM3\CG2028\CG2028 Part 1\LAB1\Lib_CMSISv1p30_LPC17xx\inc" -O0 -g3 -Wall -c -fmessage-length=0 -fno-builtin -ffunction-sections -mcpu=cortex-m3 -mthumb -MMD -MP -MF"src/core_cm3.d" -MT"src/core_cm3.d" -o "src/core_cm3.o" "../src/core_cm3.c"
Finished building: ../src/core_cm3.c
 
Building file: ../src/system_LPC17xx.c
Invoking: MCU C Compiler
arm-none-eabi-gcc -DDEBUG -D__CODE_RED -D__REDLIB__ -I"C:\Users\BOON JUN\Desktop\UNI\SEM3\CG2028\CG2028 Part 1\LAB1\Lib_CMSISv1p30_LPC17xx\inc" -O0 -g3 -Wall -c -fmessage-length=0 -fno-builtin -ffunction-sections -mcpu=cortex-m3 -mthumb -MMD -MP -MF"src/system_LPC17xx.d" -MT"src/system_LPC17xx.d" -o "src/system_LPC17xx.o" "../src/system_LPC17xx.c"
Finished building: ../src/system_LPC17xx.c
 
Building target: libCMSISv1p30_LPC17xx.a
Invoking: MCU Archiver
arm-none-eabi-ar -r  "libCMSISv1p30_LPC17xx.a"  ./src/core_cm3.o ./src/system_LPC17xx.o   
c:\nxp\LPCXpresso_6.1.4_194\lpcxpresso\tools\bin\arm-none-eabi-ar.exe: creating libCMSISv1p30_LPC17xx.a
Finished building target: libCMSISv1p30_LPC17xx.a
 
make --no-print-directory post-build
Performing post-build steps
arm-none-eabi-size libCMSISv1p30_LPC17xx.a ; # arm-none-eabi-objdump -h -S libCMSISv1p30_LPC17xx.a >libCMSISv1p30_LPC17xx.lss
   text	   data	    bss	    dec	    hex	filename
    652	      0	      0	    652	    28c	core_cm3.o (ex libCMSISv1p30_LPC17xx.a)
   1276	      4	      0	   1280	    500	system_LPC17xx.o (ex libCMSISv1p30_LPC17xx.a)
 
19:31:50 **** Build of configuration Debug for project CG2028Asmt1S1AY201819 ****
make all 
Building file: ../src/cr_startup_lpc17.c
Invoking: MCU C Compiler
arm-none-eabi-gcc -DDEBUG -D__CODE_RED -D__REDLIB__ -D__USE_CMSIS=CMSISv1p30_LPC17xx -I"C:\Users\BOON JUN\Desktop\UNI\SEM3\CG2028\CG2028 Part 1\LAB1\Lib_CMSISv1p30_LPC17xx\inc" -O0 -g3 -Wall -c -fmessage-length=0 -fno-builtin -ffunction-sections -Wa,-ahlnds=cr_startup_lpc17.asm -mcpu=cortex-m3 -mthumb -MMD -MP -MF"src/cr_startup_lpc17.d" -MT"src/cr_startup_lpc17.d" -o"src/cr_startup_lpc17.o" "../src/cr_startup_lpc17.c"
Finished building: ../src/cr_startup_lpc17.c
 
Building file: ../src/main.c
Invoking: MCU C Compiler
arm-none-eabi-gcc -DDEBUG -D__CODE_RED -D__REDLIB__ -D__USE_CMSIS=CMSISv1p30_LPC17xx -I"C:\Users\BOON JUN\Desktop\UNI\SEM3\CG2028\CG2028 Part 1\LAB1\Lib_CMSISv1p30_LPC17xx\inc" -O0 -g3 -Wall -c -fmessage-length=0 -fno-builtin -ffunction-sections -Wa,-ahlnds=main.asm -mcpu=cortex-m3 -mthumb -MMD -MP -MF"src/main.d" -MT"src/main.d" -o"src/main.o" "../src/main.c"
Finished building: ../src/main.c
 
Building file: ../src/pdm.s
Invoking: MCU Assembler
arm-none-eabi-gcc -c -x assembler-with-cpp -DDEBUG -D__CODE_RED -D__REDLIB__ -g3 -mcpu=cortex-m3 -mthumb -o"src/pdm.o" "../src/pdm.s"
../src/pdm.s: Assembler messages:
../src/pdm.s:20: Error: cannot represent T32_OFFSET_IMM relocation in this object file format
make: *** [src/pdm.o] Error 1
19:33:20 **** Incremental Build of configuration Debug for project Lib_CMSISv1p30_LPC17xx ****
make all 
make: Nothing to be done for `all'.
19:33:21 **** Incremental Build of configuration Debug for project CG2028Asmt1S1AY201819 ****
make all 
Building file: ../src/pdm.s
Invoking: MCU Assembler
arm-none-eabi-gcc -c -x assembler-with-cpp -DDEBUG -D__CODE_RED -D__REDLIB__ -g3 -mcpu=cortex-m3 -mthumb -o"src/pdm.o" "../src/pdm.s"
Finished building: ../src/pdm.s
 
Building target: CG2028Asmt1S1AY201819.axf
Invoking: MCU Linker
arm-none-eabi-gcc -nostdlib -L"C:\Users\BOON JUN\Desktop\UNI\SEM3\CG2028\CG2028 Part 1\LAB1\Lib_CMSISv1p30_LPC17xx\Debug" -Xlinker --gc-sections -Xlinker -Map=CG2028Asmt1S1AY201819.map -mcpu=cortex-m3 -mthumb -T "CG2028Asmt1S1AY201819_Debug.ld" -o"CG2028Asmt1S1AY201819.axf"  ./src/cr_startup_lpc17.o ./src/main.o ./src/pdm.o   -lCMSISv1p30_LPC17xx
Finished building target: CG2028Asmt1S1AY201819.axf
 
make --no-print-directory post-build
Performing post-build steps
arm-none-eabi-size CG2028Asmt1S1AY201819.axf; # arm-none-eabi-objcopy -O ihex CG2028Asmt1S1AY201819.axf CG2028Asmt1S1AY201819.hex ;
   text	   data	    bss	    dec	    hex	filename
  11840	      0	    340	  12180	   2f94	CG2028Asmt1S1AY201819.axf
 
19:35:12 **** Incremental Build of configuration Debug for project Lib_CMSISv1p30_LPC17xx ****
make all 
make: Nothing to be done for `all'.
19:35:13 **** Incremental Build of configuration Debug for project CG2028Asmt1S1AY201819 ****
make all 
make: Nothing to be done for `all'.
19:37:26 **** Incremental Build of configuration Debug for project Lib_CMSISv1p30_LPC17xx ****
make all 
make: Nothing to be done for `all'.
19:37:27 **** Incremental Build of configuration Debug for project CG2028Asmt1S1AY201819 ****
make all 
make: Nothing to be done for `all'.
19:38:20 **** Incremental Build of configuration Debug for project Lib_CMSISv1p30_LPC17xx ****
make all 
make: Nothing to be done for `all'.
19:38:21 **** Incremental Build of configuration Debug for project CG2028Asmt1S1AY201819 ****
make all 
Building file: ../src/pdm.s
Invoking: MCU Assembler
arm-none-eabi-gcc -c -x assembler-with-cpp -DDEBUG -D__CODE_RED -D__REDLIB__ -g3 -mcpu=cortex-m3 -mthumb -o"src/pdm.o" "../src/pdm.s"
Finished building: ../src/pdm.s
 
Building target: CG2028Asmt1S1AY201819.axf
Invoking: MCU Linker
arm-none-eabi-gcc -nostdlib -L"C:\Users\BOON JUN\Desktop\UNI\SEM3\CG2028\CG2028 Part 1\LAB1\Lib_CMSISv1p30_LPC17xx\Debug" -Xlinker --gc-sections -Xlinker -Map=CG2028Asmt1S1AY201819.map -mcpu=cortex-m3 -mthumb -T "CG2028Asmt1S1AY201819_Debug.ld" -o"CG2028Asmt1S1AY201819.axf"  ./src/cr_startup_lpc17.o ./src/main.o ./src/pdm.o   -lCMSISv1p30_LPC17xx
Finished building target: CG2028Asmt1S1AY201819.axf
 
make --no-print-directory post-build
Performing post-build steps
arm-none-eabi-size CG2028Asmt1S1AY201819.axf; # arm-none-eabi-objcopy -O ihex CG2028Asmt1S1AY201819.axf CG2028Asmt1S1AY201819.hex ;
   text	   data	    bss	    dec	    hex	filename
  11840	      0	    340	  12180	   2f94	CG2028Asmt1S1AY201819.axf
 
19:42:36 **** Incremental Build of configuration Debug for project Lib_CMSISv1p30_LPC17xx ****
make all 
make: Nothing to be done for `all'.
19:42:37 **** Incremental Build of configuration Debug for project CG2028Asmt1S1AY201819 ****
make all 
Building file: ../src/pdm.s
Invoking: MCU Assembler
arm-none-eabi-gcc -c -x assembler-with-cpp -DDEBUG -D__CODE_RED -D__REDLIB__ -g3 -mcpu=cortex-m3 -mthumb -o"src/pdm.o" "../src/pdm.s"
Finished building: ../src/pdm.s
 
Building target: CG2028Asmt1S1AY201819.axf
Invoking: MCU Linker
arm-none-eabi-gcc -nostdlib -L"C:\Users\BOON JUN\Desktop\UNI\SEM3\CG2028\CG2028 Part 1\LAB1\Lib_CMSISv1p30_LPC17xx\Debug" -Xlinker --gc-sections -Xlinker -Map=CG2028Asmt1S1AY201819.map -mcpu=cortex-m3 -mthumb -T "CG2028Asmt1S1AY201819_Debug.ld" -o"CG2028Asmt1S1AY201819.axf"  ./src/cr_startup_lpc17.o ./src/main.o ./src/pdm.o   -lCMSISv1p30_LPC17xx
Finished building target: CG2028Asmt1S1AY201819.axf
 
make --no-print-directory post-build
Performing post-build steps
arm-none-eabi-size CG2028Asmt1S1AY201819.axf; # arm-none-eabi-objcopy -O ihex CG2028Asmt1S1AY201819.axf CG2028Asmt1S1AY201819.hex ;
   text	   data	    bss	    dec	    hex	filename
  11840	      0	    340	  12180	   2f94	CG2028Asmt1S1AY201819.axf
 
19:45:12 **** Incremental Build of configuration Debug for project Lib_CMSISv1p30_LPC17xx ****
make all 
make: Nothing to be done for `all'.
19:45:13 **** Incremental Build of configuration Debug for project CG2028Asmt1S1AY201819 ****
make all 
Building file: ../src/pdm.s
Invoking: MCU Assembler
arm-none-eabi-gcc -c -x assembler-with-cpp -DDEBUG -D__CODE_RED -D__REDLIB__ -g3 -mcpu=cortex-m3 -mthumb -o"src/pdm.o" "../src/pdm.s"
../src/pdm.s: Assembler messages:
../src/pdm.s:20: Error: invalid constant (2710) after fixup
make: *** [src/pdm.o] Error 1
19:45:21 **** Incremental Build of configuration Debug for project Lib_CMSISv1p30_LPC17xx ****
make all 
make: Nothing to be done for `all'.
19:45:22 **** Incremental Build of configuration Debug for project CG2028Asmt1S1AY201819 ****
make all 
Building file: ../src/pdm.s
Invoking: MCU Assembler
arm-none-eabi-gcc -c -x assembler-with-cpp -DDEBUG -D__CODE_RED -D__REDLIB__ -g3 -mcpu=cortex-m3 -mthumb -o"src/pdm.o" "../src/pdm.s"
../src/pdm.s: Assembler messages:
../src/pdm.s:20: Error: invalid constant (2710) after fixup
make: *** [src/pdm.o] Error 1
19:45:51 **** Incremental Build of configuration Debug for project Lib_CMSISv1p30_LPC17xx ****
make all 
make: Nothing to be done for `all'.
19:45:52 **** Incremental Build of configuration Debug for project CG2028Asmt1S1AY201819 ****
make all 
Building file: ../src/pdm.s
Invoking: MCU Assembler
arm-none-eabi-gcc -c -x assembler-with-cpp -DDEBUG -D__CODE_RED -D__REDLIB__ -g3 -mcpu=cortex-m3 -mthumb -o"src/pdm.o" "../src/pdm.s"
Finished building: ../src/pdm.s
 
Building target: CG2028Asmt1S1AY201819.axf
Invoking: MCU Linker
arm-none-eabi-gcc -nostdlib -L"C:\Users\BOON JUN\Desktop\UNI\SEM3\CG2028\CG2028 Part 1\LAB1\Lib_CMSISv1p30_LPC17xx\Debug" -Xlinker --gc-sections -Xlinker -Map=CG2028Asmt1S1AY201819.map -mcpu=cortex-m3 -mthumb -T "CG2028Asmt1S1AY201819_Debug.ld" -o"CG2028Asmt1S1AY201819.axf"  ./src/cr_startup_lpc17.o ./src/main.o ./src/pdm.o   -lCMSISv1p30_LPC17xx
Finished building target: CG2028Asmt1S1AY201819.axf
 
make --no-print-directory post-build
Performing post-build steps
arm-none-eabi-size CG2028Asmt1S1AY201819.axf; # arm-none-eabi-objcopy -O ihex CG2028Asmt1S1AY201819.axf CG2028Asmt1S1AY201819.hex ;
   text	   data	    bss	    dec	    hex	filename
  11848	      0	    340	  12188	   2f9c	CG2028Asmt1S1AY201819.axf
 
19:52:06 **** Incremental Build of configuration Debug for project Lib_CMSISv1p30_LPC17xx ****
make all 
make: Nothing to be done for `all'.
19:52:07 **** Incremental Build of configuration Debug for project CG2028Asmt1S1AY201819 ****
make all 
Building file: ../src/pdm.s
Invoking: MCU Assembler
arm-none-eabi-gcc -c -x assembler-with-cpp -DDEBUG -D__CODE_RED -D__REDLIB__ -g3 -mcpu=cortex-m3 -mthumb -o"src/pdm.o" "../src/pdm.s"
Finished building: ../src/pdm.s
 
Building target: CG2028Asmt1S1AY201819.axf
Invoking: MCU Linker
arm-none-eabi-gcc -nostdlib -L"C:\Users\BOON JUN\Desktop\UNI\SEM3\CG2028\CG2028 Part 1\LAB1\Lib_CMSISv1p30_LPC17xx\Debug" -Xlinker --gc-sections -Xlinker -Map=CG2028Asmt1S1AY201819.map -mcpu=cortex-m3 -mthumb -T "CG2028Asmt1S1AY201819_Debug.ld" -o"CG2028Asmt1S1AY201819.axf"  ./src/cr_startup_lpc17.o ./src/main.o ./src/pdm.o   -lCMSISv1p30_LPC17xx
Finished building target: CG2028Asmt1S1AY201819.axf
 
make --no-print-directory post-build
Performing post-build steps
arm-none-eabi-size CG2028Asmt1S1AY201819.axf; # arm-none-eabi-objcopy -O ihex CG2028Asmt1S1AY201819.axf CG2028Asmt1S1AY201819.hex ;
   text	   data	    bss	    dec	    hex	filename
  11848	      0	    340	  12188	   2f9c	CG2028Asmt1S1AY201819.axf
 
19:55:29 **** Incremental Build of configuration Debug for project Lib_CMSISv1p30_LPC17xx ****
make all 
make: Nothing to be done for `all'.
19:55:30 **** Incremental Build of configuration Debug for project CG2028Asmt1S1AY201819 ****
make all 
Building file: ../src/pdm.s
Invoking: MCU Assembler
arm-none-eabi-gcc -c -x assembler-with-cpp -DDEBUG -D__CODE_RED -D__REDLIB__ -g3 -mcpu=cortex-m3 -mthumb -o"src/pdm.o" "../src/pdm.s"
../src/pdm.s: Assembler messages:
../src/pdm.s:29: Error: bad instruction `pop(R4-R6)'
make: *** [src/pdm.o] Error 1
19:55:44 **** Incremental Build of configuration Debug for project Lib_CMSISv1p30_LPC17xx ****
make all 
make: Nothing to be done for `all'.
19:55:45 **** Incremental Build of configuration Debug for project CG2028Asmt1S1AY201819 ****
make all 
Building file: ../src/pdm.s
Invoking: MCU Assembler
arm-none-eabi-gcc -c -x assembler-with-cpp -DDEBUG -D__CODE_RED -D__REDLIB__ -g3 -mcpu=cortex-m3 -mthumb -o"src/pdm.o" "../src/pdm.s"
Finished building: ../src/pdm.s
 
Building target: CG2028Asmt1S1AY201819.axf
Invoking: MCU Linker
arm-none-eabi-gcc -nostdlib -L"C:\Users\BOON JUN\Desktop\UNI\SEM3\CG2028\CG2028 Part 1\LAB1\Lib_CMSISv1p30_LPC17xx\Debug" -Xlinker --gc-sections -Xlinker -Map=CG2028Asmt1S1AY201819.map -mcpu=cortex-m3 -mthumb -T "CG2028Asmt1S1AY201819_Debug.ld" -o"CG2028Asmt1S1AY201819.axf"  ./src/cr_startup_lpc17.o ./src/main.o ./src/pdm.o   -lCMSISv1p30_LPC17xx
Finished building target: CG2028Asmt1S1AY201819.axf
 
make --no-print-directory post-build
Performing post-build steps
arm-none-eabi-size CG2028Asmt1S1AY201819.axf; # arm-none-eabi-objcopy -O ihex CG2028Asmt1S1AY201819.axf CG2028Asmt1S1AY201819.hex ;
   text	   data	    bss	    dec	    hex	filename
  11848	      0	    340	  12188	   2f9c	CG2028Asmt1S1AY201819.axf
 
19:56:35 **** Incremental Build of configuration Debug for project Lib_CMSISv1p30_LPC17xx ****
make all 
make: Nothing to be done for `all'.
19:56:36 **** Incremental Build of configuration Debug for project CG2028Asmt1S1AY201819 ****
make all 
Building file: ../src/pdm.s
Invoking: MCU Assembler
arm-none-eabi-gcc -c -x assembler-with-cpp -DDEBUG -D__CODE_RED -D__REDLIB__ -g3 -mcpu=cortex-m3 -mthumb -o"src/pdm.o" "../src/pdm.s"
Finished building: ../src/pdm.s
 
Building target: CG2028Asmt1S1AY201819.axf
Invoking: MCU Linker
arm-none-eabi-gcc -nostdlib -L"C:\Users\BOON JUN\Desktop\UNI\SEM3\CG2028\CG2028 Part 1\LAB1\Lib_CMSISv1p30_LPC17xx\Debug" -Xlinker --gc-sections -Xlinker -Map=CG2028Asmt1S1AY201819.map -mcpu=cortex-m3 -mthumb -T "CG2028Asmt1S1AY201819_Debug.ld" -o"CG2028Asmt1S1AY201819.axf"  ./src/cr_startup_lpc17.o ./src/main.o ./src/pdm.o   -lCMSISv1p30_LPC17xx
Finished building target: CG2028Asmt1S1AY201819.axf
 
make --no-print-directory post-build
Performing post-build steps
arm-none-eabi-size CG2028Asmt1S1AY201819.axf; # arm-none-eabi-objcopy -O ihex CG2028Asmt1S1AY201819.axf CG2028Asmt1S1AY201819.hex ;
   text	   data	    bss	    dec	    hex	filename
  11848	      0	    340	  12188	   2f9c	CG2028Asmt1S1AY201819.axf
 
19:58:29 **** Incremental Build of configuration Debug for project Lib_CMSISv1p30_LPC17xx ****
make all 
make: Nothing to be done for `all'.
19:58:30 **** Incremental Build of configuration Debug for project CG2028Asmt1S1AY201819 ****
make all 
Building file: ../src/pdm.s
Invoking: MCU Assembler
arm-none-eabi-gcc -c -x assembler-with-cpp -DDEBUG -D__CODE_RED -D__REDLIB__ -g3 -mcpu=cortex-m3 -mthumb -o"src/pdm.o" "../src/pdm.s"
Finished building: ../src/pdm.s
 
Building target: CG2028Asmt1S1AY201819.axf
Invoking: MCU Linker
arm-none-eabi-gcc -nostdlib -L"C:\Users\BOON JUN\Desktop\UNI\SEM3\CG2028\CG2028 Part 1\LAB1\Lib_CMSISv1p30_LPC17xx\Debug" -Xlinker --gc-sections -Xlinker -Map=CG2028Asmt1S1AY201819.map -mcpu=cortex-m3 -mthumb -T "CG2028Asmt1S1AY201819_Debug.ld" -o"CG2028Asmt1S1AY201819.axf"  ./src/cr_startup_lpc17.o ./src/main.o ./src/pdm.o   -lCMSISv1p30_LPC17xx
Finished building target: CG2028Asmt1S1AY201819.axf
 
make --no-print-directory post-build
Performing post-build steps
arm-none-eabi-size CG2028Asmt1S1AY201819.axf; # arm-none-eabi-objcopy -O ihex CG2028Asmt1S1AY201819.axf CG2028Asmt1S1AY201819.hex ;
   text	   data	    bss	    dec	    hex	filename
  11848	      0	    340	  12188	   2f9c	CG2028Asmt1S1AY201819.axf
 
